host: c23
Building DAG of jobs...
You are running snakemake in a SLURM job context. This is not recommended, as it may lead to unexpected behavior. Please run Snakemake directly on the login node.
SLURM run ID: 00d4a7e8-5eff-48a4-8eeb-15693f06f93d
Using shell: /usr/bin/bash
Provided remote nodes: 9223372036854775807
Job stats:
job              count
-------------  -------
all                  1
build_disease        1
plot_drexml          1
repurpose            1
total                4

Select jobs to execute...
Execute 1 jobs...

[Fri Oct 10 11:59:51 2025]
rule build_disease:
    input: data/final/genes-drugbank-v5-1-12_gtex-v10_edger-v4.0.16_mygene-v20241128.tsv.gz, data/interim/gexp_gtex-v10_edger-v4.0.16.feather, data/final/pathvals_gtex-v10_edger-v4.0.16_hipathia-norm-v3.2.0.feather
    output: results/drugbank-v5-1-12_gtex-v10_edger-v4.0.16_mygene-v20241128_v3.2.0_drexml-v1.1.3/C0015625/disease.env
    log: logs/build_disease_5-1-12_10_4.0.16_20241128_3.2.0_1.1.3_C0015625.log
    jobid: 3
    benchmark: benchmarks/build_disease_5-1-12_10_4.0.16_20241128_3.2.0_1.1.3_C0015625.txt
    reason: Missing output files: results/drugbank-v5-1-12_gtex-v10_edger-v4.0.16_mygene-v20241128_v3.2.0_drexml-v1.1.3/C0015625/disease.env; Set of input files has changed since last execution; Code has changed since last execution
    wildcards: db_version=5-1-12, gtex_version=10, edger_version=4.0.16, mg_version=20241128, hipathia_version=3.2.0, drexml_version=1.1.3, disease_id=C0015625
    resources: mem_mb=7662, mem_mib=7308, disk_mb=7662, disk_mib=7308, tmpdir=<TBD>
No SLURM account given, trying to guess.
Unable to guess SLURM account. Trying to proceed without.
No wall time information given. This might or might not work on your cluster. If not, specify the resource runtime in your rule or as a reasonable default via --default-resources.
Job 3 has been submitted with SLURM jobid 2261896 (log: /mnt/lustre/home/cloucera/projects/Workflow/.snakemake/slurm_logs/rule_build_disease/5-1-12_10_4.0.16_20241128_3.2.0_1.1.3_C0015625/2261896.log).
[Fri Oct 10 12:00:26 2025]
Finished jobid: 3 (Rule: build_disease)
1 of 4 steps (25%) done
Select jobs to execute...
Execute 1 jobs...

[Fri Oct 10 12:00:26 2025]
rule repurpose:
    input: results/drugbank-v5-1-12_gtex-v10_edger-v4.0.16_mygene-v20241128_v3.2.0_drexml-v1.1.3/C0015625/disease.env
    output: results/drugbank-v5-1-12_gtex-v10_edger-v4.0.16_mygene-v20241128_v3.2.0_drexml-v1.1.3/C0015625/results/shap_summary_symbol.tsv, results/drugbank-v5-1-12_gtex-v10_edger-v4.0.16_mygene-v20241128_v3.2.0_drexml-v1.1.3/C0015625/results/shap_selection_symbol.tsv, results/drugbank-v5-1-12_gtex-v10_edger-v4.0.16_mygene-v20241128_v3.2.0_drexml-v1.1.3/C0015625/results/stability_results_symbol.tsv, results/drugbank-v5-1-12_gtex-v10_edger-v4.0.16_mygene-v20241128_v3.2.0_drexml-v1.1.3/C0015625/results/tmp
    log: logs/repurpose_5-1-12_10_4.0.16_20241128_3.2.0_1.1.3_C0015625.log
    jobid: 2
    benchmark: benchmarks/repurpose_5-1-12_10_4.0.16_20241128_3.2.0_1.1.3_C0015625.txt
    reason: Missing output files: results/drugbank-v5-1-12_gtex-v10_edger-v4.0.16_mygene-v20241128_v3.2.0_drexml-v1.1.3/C0015625/results/shap_selection_symbol.tsv, results/drugbank-v5-1-12_gtex-v10_edger-v4.0.16_mygene-v20241128_v3.2.0_drexml-v1.1.3/C0015625/results/stability_results_symbol.tsv, results/drugbank-v5-1-12_gtex-v10_edger-v4.0.16_mygene-v20241128_v3.2.0_drexml-v1.1.3/C0015625/results/shap_summary_symbol.tsv; Input files updated by another job: results/drugbank-v5-1-12_gtex-v10_edger-v4.0.16_mygene-v20241128_v3.2.0_drexml-v1.1.3/C0015625/disease.env
    wildcards: db_version=5-1-12, gtex_version=10, edger_version=4.0.16, mg_version=20241128, hipathia_version=3.2.0, drexml_version=1.1.3, disease_id=C0015625
    threads: 20
    resources: mem_mb=100000, mem_mib=95368, disk_mb=1000, disk_mib=954, tmpdir=<TBD>, runtime=1200
Job 2 has been submitted with SLURM jobid 2261897 (log: /mnt/lustre/home/cloucera/projects/Workflow/.snakemake/slurm_logs/rule_repurpose/5-1-12_10_4.0.16_20241128_3.2.0_1.1.3_C0015625/2261897.log).
[Sat Oct 11 02:58:42 2025]
Finished jobid: 2 (Rule: repurpose)
2 of 4 steps (50%) done
Select jobs to execute...
Execute 1 jobs...

[Sat Oct 11 02:58:42 2025]
rule plot_drexml:
    input: results/drugbank-v5-1-12_gtex-v10_edger-v4.0.16_mygene-v20241128_v3.2.0_drexml-v1.1.3/C0015625/results/shap_summary_symbol.tsv, results/drugbank-v5-1-12_gtex-v10_edger-v4.0.16_mygene-v20241128_v3.2.0_drexml-v1.1.3/C0015625/results/shap_selection_symbol.tsv, results/drugbank-v5-1-12_gtex-v10_edger-v4.0.16_mygene-v20241128_v3.2.0_drexml-v1.1.3/C0015625/results/stability_results_symbol.tsv
    output: results/drugbank-v5-1-12_gtex-v10_edger-v4.0.16_mygene-v20241128_v3.2.0_drexml-v1.1.3/C0015625/metrics.pdf, results/drugbank-v5-1-12_gtex-v10_edger-v4.0.16_mygene-v20241128_v3.2.0_drexml-v1.1.3/C0015625/relevance_heatmap.pdf
    log: logs/plot_drexml_5-1-12_10_4.0.16_20241128_3.2.0_1.1.3_C0015625.log
    jobid: 1
    benchmark: benchmarks/plot_drexml_5-1-12_10_4.0.16_20241128_3.2.0_1.1.3_C0015625.txt
    reason: Missing output files: results/drugbank-v5-1-12_gtex-v10_edger-v4.0.16_mygene-v20241128_v3.2.0_drexml-v1.1.3/C0015625/metrics.pdf, results/drugbank-v5-1-12_gtex-v10_edger-v4.0.16_mygene-v20241128_v3.2.0_drexml-v1.1.3/C0015625/relevance_heatmap.pdf; Input files updated by another job: results/drugbank-v5-1-12_gtex-v10_edger-v4.0.16_mygene-v20241128_v3.2.0_drexml-v1.1.3/C0015625/results/shap_selection_symbol.tsv, results/drugbank-v5-1-12_gtex-v10_edger-v4.0.16_mygene-v20241128_v3.2.0_drexml-v1.1.3/C0015625/results/stability_results_symbol.tsv, results/drugbank-v5-1-12_gtex-v10_edger-v4.0.16_mygene-v20241128_v3.2.0_drexml-v1.1.3/C0015625/results/shap_summary_symbol.tsv
    wildcards: db_version=5-1-12, gtex_version=10, edger_version=4.0.16, mg_version=20241128, hipathia_version=3.2.0, drexml_version=1.1.3, disease_id=C0015625
    resources: mem_mb=1000, mem_mib=954, disk_mb=1000, disk_mib=954, tmpdir=<TBD>
No wall time information given. This might or might not work on your cluster. If not, specify the resource runtime in your rule or as a reasonable default via --default-resources.
Job 1 has been submitted with SLURM jobid 2262036 (log: /mnt/lustre/home/cloucera/projects/Workflow/.snakemake/slurm_logs/rule_plot_drexml/5-1-12_10_4.0.16_20241128_3.2.0_1.1.3_C0015625/2262036.log).
[Sat Oct 11 03:00:12 2025]
Finished jobid: 1 (Rule: plot_drexml)
3 of 4 steps (75%) done
Select jobs to execute...
Execute 1 jobs...

[Sat Oct 11 03:00:12 2025]
localrule all:
    input: results/drugbank-v5-1-12_gtex-v10_edger-v4.0.16_mygene-v20241128_v3.2.0_drexml-v1.1.3/C0015625/metrics.pdf, results/drugbank-v5-1-12_gtex-v10_edger-v4.0.16_mygene-v20241128_v3.2.0_drexml-v1.1.3/C0015625/relevance_heatmap.pdf
    jobid: 0
    reason: Input files updated by another job: results/drugbank-v5-1-12_gtex-v10_edger-v4.0.16_mygene-v20241128_v3.2.0_drexml-v1.1.3/C0015625/metrics.pdf, results/drugbank-v5-1-12_gtex-v10_edger-v4.0.16_mygene-v20241128_v3.2.0_drexml-v1.1.3/C0015625/relevance_heatmap.pdf
    resources: mem_mb=1000, mem_mib=954, disk_mb=1000, disk_mib=954, tmpdir=/tmp
[Sat Oct 11 03:00:12 2025]
Finished jobid: 0 (Rule: all)
4 of 4 steps (100%) done
Complete log(s): /mnt/lustre/home/cloucera/projects/Workflow/.snakemake/log/2025-10-10T115941.009594.snakemake.log
